// Jest Snapshot v1, https://goo.gl/fbAQLP

exports[`EditableRow component It should matches snapshot 1`] = `
<div>
  <td>
    1
  </td>
  <td>
    <input
      data-testid="edit-row-input-1-1"
      name="first_name"
      required=""
      type="text"
      value="Ewen"
    />
  </td>
  <td>
    <input
      data-testid="edit-row-input-2-1"
      name="last_name"
      required=""
      type="text"
      value=""
    />
  </td>
  <td>
    <input
      data-testid="edit-row-input-3-1"
      name="email"
      required=""
      type="text"
      value="emclewd1@bbb.org"
    />
  </td>
  <td>
    <input
      data-testid="edit-row-input-4-1"
      name="date_of_birth"
      required=""
      type="text"
      value="15/12/1991"
    />
  </td>
  <td>
    <input
      data-testid="edit-row-input-5-1"
      name="industry"
      required=""
      type="text"
      value="Telecommunications Equipment"
    />
  </td>
  <td>
    <input
      data-testid="edit-row-input-6-1"
      name="salary"
      required=""
      type="text"
      value="144392.9"
    />
  </td>
  <td>
    <input
      data-testid="edit-row-input-7-1"
      name="years_of_experience"
      required=""
      type="text"
      value="2.8"
    />
  </td>
  <td>
    <button
      data-testid="edit-row-save-bt-1"
      type="submit"
    >
      Save
    </button>
    <button
      data-testid="edit-row-cancel-bt-1"
      type="button"
    >
      Cancel
    </button>
  </td>
</div>
`;

exports[`Header component It should matches snapshot 1`] = `
<div>
  <thead>
    <tr>
      <th>
        Id
      </th>
      <th>
        First Name
      </th>
      <th>
        Last Name
      </th>
      <th>
        Email
      </th>
      <th>
        Date of birth
      </th>
      <th>
        Industry
      </th>
      <th>
        Salary
      </th>
      <th>
        Years of experience
      </th>
      <th>
        Actions
      </th>
    </tr>
  </thead>
</div>
`;

exports[`ReadOnlyRow component It should matches snapshot 1`] = `
<div>
  <td
    data-label="Id"
  >
    1
  </td>
  <td
    data-label="First Name"
  >
    Ewen
  </td>
  <td
    data-label="Last Name"
  />
  <td
    data-label="Email"
  >
    emclewd1@bbb.org
  </td>
  <td
    data-label="Date of birth"
  >
    15/12/1991
  </td>
  <td
    data-label="Industry"
  >
    Telecommunications Equipment
  </td>
  <td
    data-label="Salary"
  >
    144392.9
  </td>
  <td
    data-label="Years of experience"
  >
    2.8
  </td>
  <td>
    <button
      data-testid="read-only-row-edit-bt-1"
      type="button"
    >
      Edit
    </button>
    <button
      data-testid="read-only-row-delete-bt-1"
      type="button"
    >
      Delete
    </button>
  </td>
</div>
`;
